// Jest Snapshot v1, https://goo.gl/fbAQLP

exports[`./Race.tsx should render as expected 1`] = `
<div
  className="Race"
>
  <div>
    <div
      className="Track"
    >
      <div
        className="Horse"
        style={
          Object {
            "paddingLeft": "0px",
          }
        }
      >
        <img
          height="100px"
          src="https://avatars0.githubusercontent.com/u/5137591?v=4"
        />
      </div>
    </div>
  </div>
  <div>
    <div
      className="Track"
    >
      <div
        className="Horse"
        style={
          Object {
            "paddingLeft": "0px",
          }
        }
      >
        <img
          height="100px"
          src="https://avatars0.githubusercontent.com/u/6842205?v=4"
        />
      </div>
    </div>
  </div>
  <div>
    <div
      className="Track"
    >
      <div
        className="Horse"
        style={
          Object {
            "paddingLeft": "0px",
          }
        }
      >
        <img
          height="100px"
          src="https://avatars2.githubusercontent.com/u/2323810?v=4"
        />
      </div>
    </div>
  </div>
  <div>
    <div
      className="Track"
    >
      <div
        className="Horse"
        style={
          Object {
            "paddingLeft": "0px",
          }
        }
      >
        <img
          height="100px"
          src="https://avatars2.githubusercontent.com/u/1482046?v=4"
        />
      </div>
    </div>
  </div>
  <div>
    <div
      className="Track"
    >
      <div
        className="Horse"
        style={
          Object {
            "paddingLeft": "0px",
          }
        }
      >
        <img
          height="100px"
          src="https://avatars3.githubusercontent.com/u/15605543?v=4"
        />
      </div>
    </div>
  </div>
</div>
`;
